2026-03-23 19:27:29,252 - INFO - Setting up cart with products
2026-03-23 19:27:29,252 - INFO - Adding product: Sauce Labs Backpack
2026-03-23 19:27:29,392 - INFO - Adding product: Sauce Labs Bike Light
2026-03-23 19:27:29,485 - INFO - Navigating to cart page
2026-03-23 19:27:29,634 - INFO - Running test_cart_products_displayed
2026-03-23 19:27:29,814 - INFO - Cart contains: ['Sauce Labs Backpack', 'Sauce Labs Bike Light']
2026-03-23 19:27:29,814 - INFO - Test passed: All products displayed correctly
2026-03-23 19:27:29,816 - INFO - Teardown: cart fixture completed
2026-03-23 19:27:32,355 - INFO - Setting up cart with products
2026-03-23 19:27:32,355 - INFO - Adding product: Sauce Labs Backpack
2026-03-23 19:27:32,453 - INFO - Adding product: Sauce Labs Bike Light
2026-03-23 19:27:32,568 - INFO - Navigating to cart page
2026-03-23 19:27:32,657 - INFO - Running test_remove_product
2026-03-23 19:27:32,657 - INFO - Removing product: Sauce Labs Backpack
2026-03-23 19:27:32,765 - INFO - Cart after removal: ['Sauce Labs Bike Light']
2026-03-23 19:27:32,765 - INFO - Test passed: Product removed successfully
2026-03-23 19:27:32,766 - INFO - Teardown: cart fixture completed
2026-03-23 19:27:35,185 - INFO - Setting up cart with products
2026-03-23 19:27:35,186 - INFO - Adding product: Sauce Labs Backpack
2026-03-23 19:27:35,279 - INFO - Adding product: Sauce Labs Bike Light
2026-03-23 19:27:35,370 - INFO - Navigating to cart page
2026-03-23 19:27:35,464 - INFO - Running test_continue_shopping
2026-03-23 19:27:35,465 - INFO - Clicking Continue Shopping
2026-03-23 19:27:35,586 - INFO - Test passed: Navigated back to inventory page
2026-03-23 19:27:35,587 - INFO - Teardown: cart fixture completed
2026-03-23 19:27:38,090 - INFO - Setting up cart with products
2026-03-23 19:27:38,091 - INFO - Adding product: Sauce Labs Backpack
2026-03-23 19:27:38,187 - INFO - Adding product: Sauce Labs Bike Light
2026-03-23 19:27:38,270 - INFO - Navigating to cart page
2026-03-23 19:27:38,373 - INFO - Running test_checkout_navigation
2026-03-23 19:27:38,373 - INFO - Clicking Checkout
2026-03-23 19:27:38,457 - INFO - Test passed: Navigated to checkout page
2026-03-23 19:27:38,458 - INFO - Teardown: cart fixture completed
2026-03-23 19:33:54,043 - INFO - Setting up cart with products
2026-03-23 19:33:54,058 - INFO - Adding product: Sauce Labs Backpack
2026-03-23 19:33:54,208 - INFO - Adding product: Sauce Labs Bike Light
2026-03-23 19:33:54,332 - INFO - Navigating to cart page
2026-03-23 19:33:54,570 - INFO - Running test_cart_products_displayed
2026-03-23 19:33:54,636 - INFO - Cart contains: ['Sauce Labs Backpack', 'Sauce Labs Bike Light']
2026-03-23 19:33:54,637 - INFO - Test passed: All products displayed correctly
2026-03-23 19:33:54,658 - INFO - Teardown: cart fixture completed
2026-03-23 19:33:56,565 - INFO - Setting up cart with products
2026-03-23 19:33:56,565 - INFO - Adding product: Sauce Labs Backpack
2026-03-23 19:33:56,673 - INFO - Adding product: Sauce Labs Bike Light
2026-03-23 19:33:56,765 - INFO - Navigating to cart page
2026-03-23 19:33:57,012 - INFO - Running test_remove_product
2026-03-23 19:33:57,066 - INFO - Removing product: Sauce Labs Backpack
2026-03-23 19:33:58,675 - INFO - Cart after removal: ['Sauce Labs Bike Light']
2026-03-23 19:33:58,676 - INFO - Test passed: Product removed successfully
2026-03-23 19:33:58,679 - INFO - Teardown: cart fixture completed
2026-03-23 19:34:00,531 - INFO - Setting up cart with products
2026-03-23 19:34:00,531 - INFO - Adding product: Sauce Labs Backpack
2026-03-23 19:34:00,625 - INFO - Adding product: Sauce Labs Bike Light
2026-03-23 19:34:00,733 - INFO - Navigating to cart page
2026-03-23 19:34:00,878 - INFO - Running test_continue_shopping
2026-03-23 19:34:00,878 - INFO - Clicking Continue Shopping
2026-03-23 19:34:01,058 - INFO - Test passed: Navigated back to inventory page
2026-03-23 19:34:01,060 - INFO - Teardown: cart fixture completed
2026-03-23 19:34:02,804 - INFO - Setting up cart with products
2026-03-23 19:34:02,804 - INFO - Adding product: Sauce Labs Backpack
2026-03-23 19:34:02,948 - INFO - Adding product: Sauce Labs Bike Light
2026-03-23 19:34:03,073 - INFO - Navigating to cart page
2026-03-23 19:34:03,207 - INFO - Running test_checkout_navigation
2026-03-23 19:34:03,208 - INFO - Clicking Checkout
2026-03-23 19:34:03,352 - INFO - Test passed: Navigated to checkout page
2026-03-23 19:34:03,355 - INFO - Teardown: cart fixture completed
2026-03-23 19:34:05,235 - INFO - Setting up checkout page with products
2026-03-23 19:34:05,236 - INFO - Adding product: Sauce Labs Backpack
2026-03-23 19:34:05,359 - INFO - Adding product: Sauce Labs Bike Light
2026-03-23 19:34:05,473 - INFO - Navigating to cart page
2026-03-23 19:34:05,641 - INFO - Clicking checkout button
2026-03-23 19:34:05,796 - INFO - Running test_checkout_valid_info
2026-03-23 19:34:05,796 - INFO - Entering valid checkout details
2026-03-23 19:34:06,069 - INFO - Clicking continue
2026-03-23 19:34:06,201 - INFO - Test passed: Successfully navigated to checkout overview
2026-03-23 19:34:06,204 - INFO - Teardown: checkout fixture completed
2026-03-23 19:34:08,001 - INFO - Setting up checkout page with products
2026-03-23 19:34:08,001 - INFO - Adding product: Sauce Labs Backpack
2026-03-23 19:34:08,111 - INFO - Adding product: Sauce Labs Bike Light
2026-03-23 19:34:08,234 - INFO - Navigating to cart page
2026-03-23 19:34:08,376 - INFO - Clicking checkout button
2026-03-23 19:34:08,501 - INFO - Running test_checkout_cancel
2026-03-23 19:34:08,501 - INFO - Clicking cancel button
2026-03-23 19:34:08,625 - INFO - Test passed: Successfully returned to cart page
2026-03-23 19:34:08,626 - INFO - Teardown: checkout fixture completed
2026-03-23 19:34:10,409 - INFO - Running test_products_are_displayed
2026-03-23 19:34:10,466 - INFO - Products on page: ['Sauce Labs Backpack', 'Sauce Labs Bike Light', 'Sauce Labs Bolt T-Shirt', 'Sauce Labs Fleece Jacket', 'Sauce Labs Onesie', 'Test.allTheThings() T-Shirt (Red)']
2026-03-23 19:34:10,466 - INFO - Test passed: Products are displayed
2026-03-23 19:34:12,388 - INFO - Running test_add_single_product
2026-03-23 19:34:12,389 - INFO - Adding product: Sauce Labs Backpack
2026-03-23 19:34:12,546 - INFO - Cart count: 1
2026-03-23 19:34:12,547 - INFO - Test passed: Single product added successfully
2026-03-23 19:34:15,150 - INFO - Running test_add_multiple_products
2026-03-23 19:34:15,151 - INFO - Adding product: Sauce Labs Backpack
2026-03-23 19:34:15,279 - INFO - Adding product: Sauce Labs Bike Light
2026-03-23 19:34:15,404 - INFO - Adding product: Sauce Labs Bolt T-Shirt
2026-03-23 19:34:15,537 - INFO - Cart count: 3
2026-03-23 19:34:15,537 - INFO - Test passed: Multiple products added successfully
2026-03-23 19:34:17,376 - INFO - Running test_remove_product
2026-03-23 19:34:17,377 - INFO - Adding product: Sauce Labs Backpack
2026-03-23 19:34:17,537 - INFO - Removing product: Sauce Labs Backpack
2026-03-23 19:34:17,658 - INFO - Cart count after removal: 0
2026-03-23 19:34:17,658 - INFO - Test passed: Product removed successfully
2026-03-23 19:34:20,982 - INFO - Running test_cart_navigation
2026-03-23 19:34:20,982 - INFO - Clicking cart icon
2026-03-23 19:34:21,115 - INFO - Test passed: Navigation to cart page successful
2026-03-23 19:34:24,639 - INFO - Running test_valid_login
2026-03-23 19:34:24,639 - INFO - Logging in with valid credentials
2026-03-23 19:34:25,253 - INFO - Test passed: Valid login successful
2026-03-23 19:34:27,572 - INFO - Running test_locked_out_user
2026-03-23 19:34:27,572 - INFO - Attempting login with locked out user
2026-03-23 19:34:28,147 - INFO - Error message: Epic sadface: Sorry, this user has been locked out.
2026-03-23 19:34:28,147 - INFO - Test passed: Locked out user blocked
2026-03-23 19:34:30,503 - INFO - Running test_invalid_username
2026-03-23 19:34:30,503 - INFO - Attempting login with invalid username
2026-03-23 19:34:31,012 - INFO - Error message: Epic sadface: Username and password do not match any user in this service
2026-03-23 19:34:31,013 - INFO - Test passed: Invalid username handled
2026-03-23 19:34:33,817 - INFO - Running test_invalid_password
2026-03-23 19:34:33,817 - INFO - Attempting login with invalid password
2026-03-23 19:34:34,342 - INFO - Error message: Epic sadface: Username and password do not match any user in this service
2026-03-23 19:34:34,342 - INFO - Test passed: Invalid password handled
2026-03-23 19:34:36,787 - INFO - Running test_blank_username_password
2026-03-23 19:34:36,788 - INFO - Attempting login with blank credentials
2026-03-23 19:34:37,324 - INFO - Error message: Epic sadface: Username is required
2026-03-23 19:34:37,324 - INFO - Test passed: Blank credentials handled
2026-03-23 19:34:39,774 - INFO - Running test_username_with_spaces
2026-03-23 19:34:39,774 - INFO - Attempting login with username containing spaces
2026-03-23 19:34:40,315 - INFO - Error message: Epic sadface: Username and password do not match any user in this service
2026-03-23 19:34:40,315 - INFO - Test passed: Username with spaces handled
2026-03-23 19:34:42,610 - INFO - Running test_username_case_sensitive
2026-03-23 19:34:42,611 - INFO - Attempting login with uppercase username
2026-03-23 19:34:43,221 - INFO - Error message: Epic sadface: Username and password do not match any user in this service
2026-03-23 19:34:43,221 - INFO - Test passed: Case sensitivity verified
2026-03-23 19:34:45,495 - INFO - Running test_only_username
2026-03-23 19:34:45,496 - INFO - Attempting login with only username
2026-03-23 19:34:46,030 - INFO - Error message: Epic sadface: Password is required
2026-03-23 19:34:46,030 - INFO - Test passed: Missing password handled
